// Jest Snapshot v1, https://goo.gl/fbAQLP

exports[`BottomLayout should render component comparing with previous snapshot shallow markup 1`] = `
<SelectableTabs
  containerId="bottomLayout"
  selectedTab={0}
  tabs={
    Array [
      Object {
        "name": "Orderbook",
        "panel": <Orderbook
          orderbook={
            Array [
              Object {
                "symbol": "symbol",
              },
            ]
          }
        />,
      },
      Object {
        "name": "Intraday Prices ",
        "panel": <IntradayTimeSeries
          timeSeries={Object {}}
        />,
      },
      Object {
        "name": "Daily Prices ",
        "panel": <DailyTimeSeries
          timeSeries={Object {}}
        />,
      },
    ]
  }
  updateSelectedTab={[Function]}
/>
`;
