// Jest Snapshot v1, https://goo.gl/fbAQLP

exports[`App should render component comparing with previous snapshot shallow markup 1`] = `
<HashRouter>
  <div>
    <ul
      className="header"
    >
      <li>
        <NavLink
          exact={true}
          to="/"
        >
          Trading Demo
        </NavLink>
      </li>
      <li>
        <NavLink
          to="/documentation"
        >
          Documentation
        </NavLink>
      </li>
    </ul>
    <div
      className="content"
    >
      <Route
        component={[Function]}
        exact={true}
        path="/"
      />
      <Route
        component={[Function]}
        path="/Documentation"
      />
    </div>
  </div>
</HashRouter>
`;
