// Jest Snapshot v1, https://goo.gl/fbAQLP

exports[`Marketfeed should render component comparing with previous snapshot shallow markup 1`] = `
<MarketfeedView
  columnHeaders={
    Array [
      Object {
        "Header": "Remove",
        "accessor": "delete",
        "width": 70,
      },
      Object {
        "Header": "Symbol",
        "accessor": "symbol",
        "width": 100,
      },
      Object {
        "Header": "Instrument Name",
        "accessor": "name",
        "className": "instrument-column",
      },
      Object {
        "Header": "Ccy",
        "accessor": "currency",
        "width": 70,
      },
      Object {
        "Header": "Bid",
        "accessor": "bid",
        "width": 70,
      },
      Object {
        "Header": "Ask",
        "accessor": "ask",
        "width": 70,
      },
      Object {
        "Header": "Last",
        "accessor": "last",
        "width": 70,
      },
      Object {
        "Header": "Open",
        "accessor": "open",
        "width": 70,
      },
      Object {
        "Header": "Chg",
        "accessor": "chg",
        "width": 70,
      },
    ]
  }
  eventHandler={
    Object {
      "handleTableColumn": [Function],
      "handleTableRow": [Function],
    }
  }
  instruments={
    Array [
      Object {
        "delete": <img
          alt="delete"
          src="img/delete.png"
        />,
        "symbol": "AMZ",
      },
    ]
  }
/>
`;
