// Jest Snapshot v1, https://goo.gl/fbAQLP

exports[`InstrumentsMarketfeed integration tests should render component with InstrumentsMarketfeed on mount 1`] = `
<InstrumentsMarketfeed
  addInstrumentToMarketfeed={[Function]}
  deleteMarketfeedInstrument={[Function]}
  instrument={
    Object {
      "currency": "USD",
      "delete": <img
        alt="delete"
        id="deleteImg-symbol4"
        src="img/delete.png"
      />,
      "name": "instrument4",
      "open": 1,
      "price": 1,
      "symbol": "symbol4",
    }
  }
  marketfeedInstruments={
    Array [
      Object {
        "currency": "USD",
        "delete": <img
          alt="delete"
          id="deleteImg-symbol4"
          src="img/delete.png"
        />,
        "name": "instrument4",
        "open": 1,
        "price": 1,
        "symbol": "symbol4",
      },
      Object {
        "currency": "USD",
        "delete": <img
          alt="delete"
          id="deleteImg-symbol3"
          src="img/delete.png"
        />,
        "name": "instrument3",
        "open": 1,
        "price": 1,
        "symbol": "symbol3",
      },
      Object {
        "currency": "USD",
        "delete": <img
          alt="delete"
          id="deleteImg-symbol2"
          src="img/delete.png"
        />,
        "name": "instrument2",
        "open": 1,
        "price": 1,
        "symbol": "symbol2",
      },
      Object {
        "currency": "USD",
        "delete": <img
          alt="delete"
          id="deleteImg-symbol1"
          src="img/delete.png"
        />,
        "name": "instrument1",
        "open": 1,
        "price": 1,
        "symbol": "symbol1",
      },
      Object {
        "currency": "USD",
        "delete": <img
          alt="delete"
          id="deleteImg-symbol0"
          src="img/delete.png"
        />,
        "name": "instrument0",
        "open": 1,
        "price": 1,
        "symbol": "symbol0",
      },
    ]
  }
  searchInstruments={
    Array [
      Object {
        "currency": "USD",
        "name": "instrument5",
        "symbol": "symbol5",
      },
      Object {
        "currency": "USD",
        "name": "instrument6",
        "symbol": "symbol6",
      },
      Object {
        "currency": "USD",
        "name": "instrument7",
        "symbol": "symbol7",
      },
      Object {
        "currency": "USD",
        "name": "instrument8",
        "symbol": "symbol8",
      },
      Object {
        "currency": "USD",
        "name": "instrument9",
        "symbol": "symbol9",
      },
      Object {
        "currency": "USD",
        "name": "instrument10",
        "symbol": "symbol10",
      },
      Object {
        "currency": "USD",
        "name": "instrument11",
        "symbol": "symbol11",
      },
      Object {
        "currency": "USD",
        "name": "instrument12",
        "symbol": "symbol12",
      },
      Object {
        "currency": "USD",
        "name": "instrument13",
        "symbol": "symbol13",
      },
      Object {
        "currency": "USD",
        "name": "instrument14",
        "symbol": "symbol14",
      },
      Object {
        "currency": "USD",
        "name": "instrument15",
        "symbol": "symbol15",
      },
    ]
  }
  selectMarketfeedInstrument={[Function]}
  updateMarketfeedInstrument={[Function]}
>
  <ReactTable
    AggregatedComponent={[Function]}
    ExpanderComponent={[Function]}
    FilterComponent={[Function]}
    LoadingComponent={[Function]}
    NoDataComponent={[Function]}
    PadRowComponent={[Function]}
    PaginationComponent={[Function]}
    PivotValueComponent={[Function]}
    ResizerComponent={[Function]}
    TableComponent={[Function]}
    TbodyComponent={[Function]}
    TdComponent={[Function]}
    TfootComponent={[Function]}
    ThComponent={[Function]}
    TheadComponent={[Function]}
    TrComponent={[Function]}
    TrGroupComponent={[Function]}
    aggregatedKey="_aggregated"
    className=""
    collapseOnDataChange={true}
    collapseOnPageChange={true}
    collapseOnSortingChange={true}
    column={
      Object {
        "Aggregated": undefined,
        "Cell": undefined,
        "Expander": undefined,
        "Filter": undefined,
        "Footer": undefined,
        "Header": undefined,
        "Pivot": undefined,
        "PivotValue": undefined,
        "Placeholder": undefined,
        "aggregate": undefined,
        "className": "",
        "filterAll": false,
        "filterMethod": undefined,
        "filterable": undefined,
        "footerClassName": "",
        "footerStyle": Object {},
        "getFooterProps": [Function],
        "getHeaderProps": [Function],
        "getProps": [Function],
        "headerClassName": "",
        "headerStyle": Object {},
        "minResizeWidth": 11,
        "minWidth": 100,
        "resizable": undefined,
        "show": true,
        "sortMethod": undefined,
        "sortable": undefined,
        "style": Object {},
      }
    }
    columns={
      Array [
        Object {
          "Header": "Remove",
          "accessor": "delete",
          "width": 70,
        },
        Object {
          "Header": "Symbol",
          "accessor": "symbol",
          "width": 100,
        },
        Object {
          "Header": "Instrument Name",
          "accessor": "name",
          "className": "instrument-column",
        },
        Object {
          "Header": "Ccy",
          "accessor": "currency",
          "width": 70,
        },
        Object {
          "Header": "Bid",
          "accessor": "bid",
          "width": 70,
        },
        Object {
          "Header": "Ask",
          "accessor": "ask",
          "width": 70,
        },
        Object {
          "Header": "Last",
          "accessor": "last",
          "width": 70,
        },
        Object {
          "Header": "Open",
          "accessor": "open",
          "width": 70,
        },
        Object {
          "Header": "Chg",
          "accessor": "chg",
          "width": 70,
        },
      ]
    }
    data={
      Array [
        Object {
          "currency": "USD",
          "delete": <img
            alt="delete"
            id="deleteImg-symbol4"
            src="img/delete.png"
          />,
          "name": "instrument4",
          "open": 1,
          "price": 1,
          "symbol": "symbol4",
        },
        Object {
          "currency": "USD",
          "delete": <img
            alt="delete"
            id="deleteImg-symbol3"
            src="img/delete.png"
          />,
          "name": "instrument3",
          "open": 1,
          "price": 1,
          "symbol": "symbol3",
        },
        Object {
          "currency": "USD",
          "delete": <img
            alt="delete"
            id="deleteImg-symbol2"
            src="img/delete.png"
          />,
          "name": "instrument2",
          "open": 1,
          "price": 1,
          "symbol": "symbol2",
        },
        Object {
          "currency": "USD",
          "delete": <img
            alt="delete"
            id="deleteImg-symbol1"
            src="img/delete.png"
          />,
          "name": "instrument1",
          "open": 1,
          "price": 1,
          "symbol": "symbol1",
        },
        Object {
          "currency": "USD",
          "delete": <img
            alt="delete"
            id="deleteImg-symbol0"
            src="img/delete.png"
          />,
          "name": "instrument0",
          "open": 1,
          "price": 1,
          "symbol": "symbol0",
        },
      ]
    }
    defaultExpanded={Object {}}
    defaultFilterMethod={[Function]}
    defaultFiltered={Array []}
    defaultPage={0}
    defaultPageSize={5}
    defaultResized={Array []}
    defaultSortDesc={false}
    defaultSortMethod={[Function]}
    defaultSorted={Array []}
    expanderDefaults={
      Object {
        "filterable": false,
        "resizable": false,
        "sortable": false,
        "width": 35,
      }
    }
    filterable={false}
    freezeWhenExpanded={false}
    getLoadingProps={[Function]}
    getNoDataProps={[Function]}
    getPaginationProps={[Function]}
    getProps={[Function]}
    getResizerProps={[Function]}
    getTableProps={[Function]}
    getTbodyProps={[Function]}
    getTdProps={[Function]}
    getTfootProps={[Function]}
    getTfootTdProps={[Function]}
    getTfootTrProps={[Function]}
    getTheadFilterProps={[Function]}
    getTheadFilterThProps={[Function]}
    getTheadFilterTrProps={[Function]}
    getTheadGroupProps={[Function]}
    getTheadGroupThProps={[Function]}
    getTheadGroupTrProps={[Function]}
    getTheadProps={[Function]}
    getTheadThProps={[Function]}
    getTheadTrProps={[Function]}
    getTrGroupProps={[Function]}
    getTrProps={[Function]}
    groupedByPivotKey="_groupedByPivot"
    indexKey="_index"
    loading={false}
    loadingText="Loading..."
    multiSort={true}
    nestingLevelKey="_nestingLevel"
    nextText="Next"
    noDataText="No rows found"
    ofText="of"
    onFetchData={[Function]}
    originalKey="_original"
    pageJumpText="jump to page"
    pageSizeOptions={
      Array [
        5,
        10,
        20,
        25,
        50,
        100,
      ]
    }
    pageText="Page"
    pivotDefaults={Object {}}
    pivotIDKey="_pivotID"
    pivotValKey="_pivotVal"
    previousText="Previous"
    resizable={true}
    resolveData={[Function]}
    rowsSelectorText="rows per page"
    rowsText="rows"
    showPageJump={true}
    showPageSizeOptions={false}
    showPagination={true}
    showPaginationBottom={false}
    showPaginationTop={false}
    sortable={false}
    style={Object {}}
    subRowsKey="_subRows"
  >
    <div
      className="ReactTable"
      style={Object {}}
    >
      <TableComponent
        className=""
      >
        <div
          className="rt-table"
          role="grid"
        >
          <Thead
            className="-header"
            style={
              Object {
                "minWidth": "690px",
              }
            }
          >
            <div
              className="rt-thead -header"
              style={
                Object {
                  "minWidth": "690px",
                }
              }
            >
              <TrComponent>
                <div
                  className="rt-tr"
                  role="row"
                >
                  <ThComponent
                    className="rt-resizable-header"
                    key="0-delete"
                    style={
                      Object {
                        "flex": "70 0 auto",
                        "maxWidth": "70px",
                        "width": "70px",
                      }
                    }
                    toggleSort={[Function]}
                  >
                    <div
                      className="rt-th rt-resizable-header"
                      onClick={[Function]}
                      role="columnheader"
                      style={
                        Object {
                          "flex": "70 0 auto",
                          "maxWidth": "70px",
                          "width": "70px",
                        }
                      }
                      tabIndex="-1"
                    >
                      <div
                        className="rt-resizable-header-content"
                      >
                        Remove
                      </div>
                      <Resizer
                        onMouseDown={[Function]}
                        onTouchStart={[Function]}
                      >
                        <div
                          className="rt-resizer"
                          onMouseDown={[Function]}
                          onTouchStart={[Function]}
                        />
                      </Resizer>
                    </div>
                  </ThComponent>
                  <ThComponent
                    className="rt-resizable-header"
                    key="1-symbol"
                    style={
                      Object {
                        "flex": "100 0 auto",
                        "maxWidth": "100px",
                        "width": "100px",
                      }
                    }
                    toggleSort={[Function]}
                  >
                    <div
                      className="rt-th rt-resizable-header"
                      onClick={[Function]}
                      role="columnheader"
                      style={
                        Object {
                          "flex": "100 0 auto",
                          "maxWidth": "100px",
                          "width": "100px",
                        }
                      }
                      tabIndex="-1"
                    >
                      <div
                        className="rt-resizable-header-content"
                      >
                        Symbol
                      </div>
                      <Resizer
                        onMouseDown={[Function]}
                        onTouchStart={[Function]}
                      >
                        <div
                          className="rt-resizer"
                          onMouseDown={[Function]}
                          onTouchStart={[Function]}
                        />
                      </Resizer>
                    </div>
                  </ThComponent>
                  <ThComponent
                    className="rt-resizable-header"
                    key="2-name"
                    style={
                      Object {
                        "flex": "100 0 auto",
                        "maxWidth": null,
                        "width": "100px",
                      }
                    }
                    toggleSort={[Function]}
                  >
                    <div
                      className="rt-th rt-resizable-header"
                      onClick={[Function]}
                      role="columnheader"
                      style={
                        Object {
                          "flex": "100 0 auto",
                          "maxWidth": null,
                          "width": "100px",
                        }
                      }
                      tabIndex="-1"
                    >
                      <div
                        className="rt-resizable-header-content"
                      >
                        Instrument Name
                      </div>
                      <Resizer
                        onMouseDown={[Function]}
                        onTouchStart={[Function]}
                      >
                        <div
                          className="rt-resizer"
                          onMouseDown={[Function]}
                          onTouchStart={[Function]}
                        />
                      </Resizer>
                    </div>
                  </ThComponent>
                  <ThComponent
                    className="rt-resizable-header"
                    key="3-currency"
                    style={
                      Object {
                        "flex": "70 0 auto",
                        "maxWidth": "70px",
                        "width": "70px",
                      }
                    }
                    toggleSort={[Function]}
                  >
                    <div
                      className="rt-th rt-resizable-header"
                      onClick={[Function]}
                      role="columnheader"
                      style={
                        Object {
                          "flex": "70 0 auto",
                          "maxWidth": "70px",
                          "width": "70px",
                        }
                      }
                      tabIndex="-1"
                    >
                      <div
                        className="rt-resizable-header-content"
                      >
                        Ccy
                      </div>
                      <Resizer
                        onMouseDown={[Function]}
                        onTouchStart={[Function]}
                      >
                        <div
                          className="rt-resizer"
                          onMouseDown={[Function]}
                          onTouchStart={[Function]}
                        />
                      </Resizer>
                    </div>
                  </ThComponent>
                  <ThComponent
                    className="rt-resizable-header"
                    key="4-bid"
                    style={
                      Object {
                        "flex": "70 0 auto",
                        "maxWidth": "70px",
                        "width": "70px",
                      }
                    }
                    toggleSort={[Function]}
                  >
                    <div
                      className="rt-th rt-resizable-header"
                      onClick={[Function]}
                      role="columnheader"
                      style={
                        Object {
                          "flex": "70 0 auto",
                          "maxWidth": "70px",
                          "width": "70px",
                        }
                      }
                      tabIndex="-1"
                    >
                      <div
                        className="rt-resizable-header-content"
                      >
                        Bid
                      </div>
                      <Resizer
                        onMouseDown={[Function]}
                        onTouchStart={[Function]}
                      >
                        <div
                          className="rt-resizer"
                          onMouseDown={[Function]}
                          onTouchStart={[Function]}
                        />
                      </Resizer>
                    </div>
                  </ThComponent>
                  <ThComponent
                    className="rt-resizable-header"
                    key="5-ask"
                    style={
                      Object {
                        "flex": "70 0 auto",
                        "maxWidth": "70px",
                        "width": "70px",
                      }
                    }
                    toggleSort={[Function]}
                  >
                    <div
                      className="rt-th rt-resizable-header"
                      onClick={[Function]}
                      role="columnheader"
                      style={
                        Object {
                          "flex": "70 0 auto",
                          "maxWidth": "70px",
                          "width": "70px",
                        }
                      }
                      tabIndex="-1"
                    >
                      <div
                        className="rt-resizable-header-content"
                      >
                        Ask
                      </div>
                      <Resizer
                        onMouseDown={[Function]}
                        onTouchStart={[Function]}
                      >
                        <div
                          className="rt-resizer"
                          onMouseDown={[Function]}
                          onTouchStart={[Function]}
                        />
                      </Resizer>
                    </div>
                  </ThComponent>
                  <ThComponent
                    className="rt-resizable-header"
                    key="6-last"
                    style={
                      Object {
                        "flex": "70 0 auto",
                        "maxWidth": "70px",
                        "width": "70px",
                      }
                    }
                    toggleSort={[Function]}
                  >
                    <div
                      className="rt-th rt-resizable-header"
                      onClick={[Function]}
                      role="columnheader"
                      style={
                        Object {
                          "flex": "70 0 auto",
                          "maxWidth": "70px",
                          "width": "70px",
                        }
                      }
                      tabIndex="-1"
                    >
                      <div
                        className="rt-resizable-header-content"
                      >
                        Last
                      </div>
                      <Resizer
                        onMouseDown={[Function]}
                        onTouchStart={[Function]}
                      >
                        <div
                          className="rt-resizer"
                          onMouseDown={[Function]}
                          onTouchStart={[Function]}
                        />
                      </Resizer>
                    </div>
                  </ThComponent>
                  <ThComponent
                    className="rt-resizable-header"
                    key="7-open"
                    style={
                      Object {
                        "flex": "70 0 auto",
                        "maxWidth": "70px",
                        "width": "70px",
                      }
                    }
                    toggleSort={[Function]}
                  >
                    <div
                      className="rt-th rt-resizable-header"
                      onClick={[Function]}
                      role="columnheader"
                      style={
                        Object {
                          "flex": "70 0 auto",
                          "maxWidth": "70px",
                          "width": "70px",
                        }
                      }
                      tabIndex="-1"
                    >
                      <div
                        className="rt-resizable-header-content"
                      >
                        Open
                      </div>
                      <Resizer
                        onMouseDown={[Function]}
                        onTouchStart={[Function]}
                      >
                        <div
                          className="rt-resizer"
                          onMouseDown={[Function]}
                          onTouchStart={[Function]}
                        />
                      </Resizer>
                    </div>
                  </ThComponent>
                  <ThComponent
                    className="rt-resizable-header"
                    key="8-chg"
                    style={
                      Object {
                        "flex": "70 0 auto",
                        "maxWidth": "70px",
                        "width": "70px",
                      }
                    }
                    toggleSort={[Function]}
                  >
                    <div
                      className="rt-th rt-resizable-header"
                      onClick={[Function]}
                      role="columnheader"
                      style={
                        Object {
                          "flex": "70 0 auto",
                          "maxWidth": "70px",
                          "width": "70px",
                        }
                      }
                      tabIndex="-1"
                    >
                      <div
                        className="rt-resizable-header-content"
                      >
                        Chg
                      </div>
                      <Resizer
                        onMouseDown={[Function]}
                        onTouchStart={[Function]}
                      >
                        <div
                          className="rt-resizer"
                          onMouseDown={[Function]}
                          onTouchStart={[Function]}
                        />
                      </Resizer>
                    </div>
                  </ThComponent>
                </div>
              </TrComponent>
            </div>
          </Thead>
          <Tbody
            className=""
            style={
              Object {
                "minWidth": "690px",
              }
            }
          >
            <div
              className="rt-tbody"
              style={
                Object {
                  "minWidth": "690px",
                }
              }
            >
              <TrGroupComponent
                key="0"
              >
                <div
                  className="rt-tr-group"
                  role="rowgroup"
                >
                  <TrComponent
                    className="-odd"
                    onClick={[Function]}
                    style={
                      Object {
                        "background": "#f5f2f2",
                      }
                    }
                  >
                    <div
                      className="rt-tr -odd"
                      onClick={[Function]}
                      role="row"
                      style={
                        Object {
                          "background": "#f5f2f2",
                        }
                      }
                    >
                      <TdComponent
                        className=""
                        key="0-delete"
                        onClick={[Function]}
                        onMouseOut={[Function]}
                        onMouseOver={[Function]}
                        style={
                          Object {
                            "flex": "70 0 auto",
                            "maxWidth": "70px",
                            "width": "70px",
                          }
                        }
                      >
                        <div
                          className="rt-td"
                          onClick={[Function]}
                          onMouseOut={[Function]}
                          onMouseOver={[Function]}
                          role="gridcell"
                          style={
                            Object {
                              "flex": "70 0 auto",
                              "maxWidth": "70px",
                              "width": "70px",
                            }
                          }
                        >
                          <img
                            alt="delete"
                            id="deleteImg-symbol4"
                            src="img/delete.png"
                          />
                        </div>
                      </TdComponent>
                      <TdComponent
                        className=""
                        key="1-symbol"
                        onClick={[Function]}
                        onMouseOut={[Function]}
                        onMouseOver={[Function]}
                        style={
                          Object {
                            "flex": "100 0 auto",
                            "maxWidth": "100px",
                            "width": "100px",
                          }
                        }
                      >
                        <div
                          className="rt-td"
                          onClick={[Function]}
                          onMouseOut={[Function]}
                          onMouseOver={[Function]}
                          role="gridcell"
                          style={
                            Object {
                              "flex": "100 0 auto",
                              "maxWidth": "100px",
                              "width": "100px",
                            }
                          }
                        >
                          symbol4
                        </div>
                      </TdComponent>
                      <TdComponent
                        className="instrument-column"
                        key="2-name"
                        onClick={[Function]}
                        onMouseOut={[Function]}
                        onMouseOver={[Function]}
                        style={
                          Object {
                            "flex": "100 0 auto",
                            "maxWidth": null,
                            "width": "100px",
                          }
                        }
                      >
                        <div
                          className="rt-td instrument-column"
                          onClick={[Function]}
                          onMouseOut={[Function]}
                          onMouseOver={[Function]}
                          role="gridcell"
                          style={
                            Object {
                              "flex": "100 0 auto",
                              "maxWidth": null,
                              "width": "100px",
                            }
                          }
                        >
                          instrument4
                        </div>
                      </TdComponent>
                      <TdComponent
                        className=""
                        key="3-currency"
                        onClick={[Function]}
                        onMouseOut={[Function]}
                        onMouseOver={[Function]}
                        style={
                          Object {
                            "flex": "70 0 auto",
                            "maxWidth": "70px",
                            "width": "70px",
                          }
                        }
                      >
                        <div
                          className="rt-td"
                          onClick={[Function]}
                          onMouseOut={[Function]}
                          onMouseOver={[Function]}
                          role="gridcell"
                          style={
                            Object {
                              "flex": "70 0 auto",
                              "maxWidth": "70px",
                              "width": "70px",
                            }
                          }
                        >
                          USD
                        </div>
                      </TdComponent>
                      <TdComponent
                        className=""
                        key="4-bid"
                        onClick={[Function]}
                        onMouseOut={[Function]}
                        onMouseOver={[Function]}
                        style={
                          Object {
                            "flex": "70 0 auto",
                            "maxWidth": "70px",
                            "width": "70px",
                          }
                        }
                      >
                        <div
                          className="rt-td"
                          onClick={[Function]}
                          onMouseOut={[Function]}
                          onMouseOver={[Function]}
                          role="gridcell"
                          style={
                            Object {
                              "flex": "70 0 auto",
                              "maxWidth": "70px",
                              "width": "70px",
                            }
                          }
                        />
                      </TdComponent>
                      <TdComponent
                        className=""
                        key="5-ask"
                        onClick={[Function]}
                        onMouseOut={[Function]}
                        onMouseOver={[Function]}
                        style={
                          Object {
                            "flex": "70 0 auto",
                            "maxWidth": "70px",
                            "width": "70px",
                          }
                        }
                      >
                        <div
                          className="rt-td"
                          onClick={[Function]}
                          onMouseOut={[Function]}
                          onMouseOver={[Function]}
                          role="gridcell"
                          style={
                            Object {
                              "flex": "70 0 auto",
                              "maxWidth": "70px",
                              "width": "70px",
                            }
                          }
                        />
                      </TdComponent>
                      <TdComponent
                        className=""
                        key="6-last"
                        onClick={[Function]}
                        onMouseOut={[Function]}
                        onMouseOver={[Function]}
                        style={
                          Object {
                            "flex": "70 0 auto",
                            "maxWidth": "70px",
                            "width": "70px",
                          }
                        }
                      >
                        <div
                          className="rt-td"
                          onClick={[Function]}
                          onMouseOut={[Function]}
                          onMouseOver={[Function]}
                          role="gridcell"
                          style={
                            Object {
                              "flex": "70 0 auto",
                              "maxWidth": "70px",
                              "width": "70px",
                            }
                          }
                        />
                      </TdComponent>
                      <TdComponent
                        className=""
                        key="7-open"
                        onClick={[Function]}
                        onMouseOut={[Function]}
                        onMouseOver={[Function]}
                        style={
                          Object {
                            "flex": "70 0 auto",
                            "maxWidth": "70px",
                            "width": "70px",
                          }
                        }
                      >
                        <div
                          className="rt-td"
                          onClick={[Function]}
                          onMouseOut={[Function]}
                          onMouseOver={[Function]}
                          role="gridcell"
                          style={
                            Object {
                              "flex": "70 0 auto",
                              "maxWidth": "70px",
                              "width": "70px",
                            }
                          }
                        >
                          1
                        </div>
                      </TdComponent>
                      <TdComponent
                        className=""
                        key="8-chg"
                        onClick={[Function]}
                        onMouseOut={[Function]}
                        onMouseOver={[Function]}
                        style={
                          Object {
                            "flex": "70 0 auto",
                            "maxWidth": "70px",
                            "width": "70px",
                          }
                        }
                      >
                        <div
                          className="rt-td"
                          onClick={[Function]}
                          onMouseOut={[Function]}
                          onMouseOver={[Function]}
                          role="gridcell"
                          style={
                            Object {
                              "flex": "70 0 auto",
                              "maxWidth": "70px",
                              "width": "70px",
                            }
                          }
                        />
                      </TdComponent>
                    </div>
                  </TrComponent>
                </div>
              </TrGroupComponent>
              <TrGroupComponent
                key="1"
              >
                <div
                  className="rt-tr-group"
                  role="rowgroup"
                >
                  <TrComponent
                    className="-even"
                    onClick={[Function]}
                    style={
                      Object {
                        "background": null,
                      }
                    }
                  >
                    <div
                      className="rt-tr -even"
                      onClick={[Function]}
                      role="row"
                      style={
                        Object {
                          "background": null,
                        }
                      }
                    >
                      <TdComponent
                        className=""
                        key="0-delete"
                        onClick={[Function]}
                        onMouseOut={[Function]}
                        onMouseOver={[Function]}
                        style={
                          Object {
                            "flex": "70 0 auto",
                            "maxWidth": "70px",
                            "width": "70px",
                          }
                        }
                      >
                        <div
                          className="rt-td"
                          onClick={[Function]}
                          onMouseOut={[Function]}
                          onMouseOver={[Function]}
                          role="gridcell"
                          style={
                            Object {
                              "flex": "70 0 auto",
                              "maxWidth": "70px",
                              "width": "70px",
                            }
                          }
                        >
                          <img
                            alt="delete"
                            id="deleteImg-symbol3"
                            src="img/delete.png"
                          />
                        </div>
                      </TdComponent>
                      <TdComponent
                        className=""
                        key="1-symbol"
                        onClick={[Function]}
                        onMouseOut={[Function]}
                        onMouseOver={[Function]}
                        style={
                          Object {
                            "flex": "100 0 auto",
                            "maxWidth": "100px",
                            "width": "100px",
                          }
                        }
                      >
                        <div
                          className="rt-td"
                          onClick={[Function]}
                          onMouseOut={[Function]}
                          onMouseOver={[Function]}
                          role="gridcell"
                          style={
                            Object {
                              "flex": "100 0 auto",
                              "maxWidth": "100px",
                              "width": "100px",
                            }
                          }
                        >
                          symbol3
                        </div>
                      </TdComponent>
                      <TdComponent
                        className="instrument-column"
                        key="2-name"
                        onClick={[Function]}
                        onMouseOut={[Function]}
                        onMouseOver={[Function]}
                        style={
                          Object {
                            "flex": "100 0 auto",
                            "maxWidth": null,
                            "width": "100px",
                          }
                        }
                      >
                        <div
                          className="rt-td instrument-column"
                          onClick={[Function]}
                          onMouseOut={[Function]}
                          onMouseOver={[Function]}
                          role="gridcell"
                          style={
                            Object {
                              "flex": "100 0 auto",
                              "maxWidth": null,
                              "width": "100px",
                            }
                          }
                        >
                          instrument3
                        </div>
                      </TdComponent>
                      <TdComponent
                        className=""
                        key="3-currency"
                        onClick={[Function]}
                        onMouseOut={[Function]}
                        onMouseOver={[Function]}
                        style={
                          Object {
                            "flex": "70 0 auto",
                            "maxWidth": "70px",
                            "width": "70px",
                          }
                        }
                      >
                        <div
                          className="rt-td"
                          onClick={[Function]}
                          onMouseOut={[Function]}
                          onMouseOver={[Function]}
                          role="gridcell"
                          style={
                            Object {
                              "flex": "70 0 auto",
                              "maxWidth": "70px",
                              "width": "70px",
                            }
                          }
                        >
                          USD
                        </div>
                      </TdComponent>
                      <TdComponent
                        className=""
                        key="4-bid"
                        onClick={[Function]}
                        onMouseOut={[Function]}
                        onMouseOver={[Function]}
                        style={
                          Object {
                            "flex": "70 0 auto",
                            "maxWidth": "70px",
                            "width": "70px",
                          }
                        }
                      >
                        <div
                          className="rt-td"
                          onClick={[Function]}
                          onMouseOut={[Function]}
                          onMouseOver={[Function]}
                          role="gridcell"
                          style={
                            Object {
                              "flex": "70 0 auto",
                              "maxWidth": "70px",
                              "width": "70px",
                            }
                          }
                        />
                      </TdComponent>
                      <TdComponent
                        className=""
                        key="5-ask"
                        onClick={[Function]}
                        onMouseOut={[Function]}
                        onMouseOver={[Function]}
                        style={
                          Object {
                            "flex": "70 0 auto",
                            "maxWidth": "70px",
                            "width": "70px",
                          }
                        }
                      >
                        <div
                          className="rt-td"
                          onClick={[Function]}
                          onMouseOut={[Function]}
                          onMouseOver={[Function]}
                          role="gridcell"
                          style={
                            Object {
                              "flex": "70 0 auto",
                              "maxWidth": "70px",
                              "width": "70px",
                            }
                          }
                        />
                      </TdComponent>
                      <TdComponent
                        className=""
                        key="6-last"
                        onClick={[Function]}
                        onMouseOut={[Function]}
                        onMouseOver={[Function]}
                        style={
                          Object {
                            "flex": "70 0 auto",
                            "maxWidth": "70px",
                            "width": "70px",
                          }
                        }
                      >
                        <div
                          className="rt-td"
                          onClick={[Function]}
                          onMouseOut={[Function]}
                          onMouseOver={[Function]}
                          role="gridcell"
                          style={
                            Object {
                              "flex": "70 0 auto",
                              "maxWidth": "70px",
                              "width": "70px",
                            }
                          }
                        />
                      </TdComponent>
                      <TdComponent
                        className=""
                        key="7-open"
                        onClick={[Function]}
                        onMouseOut={[Function]}
                        onMouseOver={[Function]}
                        style={
                          Object {
                            "flex": "70 0 auto",
                            "maxWidth": "70px",
                            "width": "70px",
                          }
                        }
                      >
                        <div
                          className="rt-td"
                          onClick={[Function]}
                          onMouseOut={[Function]}
                          onMouseOver={[Function]}
                          role="gridcell"
                          style={
                            Object {
                              "flex": "70 0 auto",
                              "maxWidth": "70px",
                              "width": "70px",
                            }
                          }
                        >
                          1
                        </div>
                      </TdComponent>
                      <TdComponent
                        className=""
                        key="8-chg"
                        onClick={[Function]}
                        onMouseOut={[Function]}
                        onMouseOver={[Function]}
                        style={
                          Object {
                            "flex": "70 0 auto",
                            "maxWidth": "70px",
                            "width": "70px",
                          }
                        }
                      >
                        <div
                          className="rt-td"
                          onClick={[Function]}
                          onMouseOut={[Function]}
                          onMouseOver={[Function]}
                          role="gridcell"
                          style={
                            Object {
                              "flex": "70 0 auto",
                              "maxWidth": "70px",
                              "width": "70px",
                            }
                          }
                        />
                      </TdComponent>
                    </div>
                  </TrComponent>
                </div>
              </TrGroupComponent>
              <TrGroupComponent
                key="2"
              >
                <div
                  className="rt-tr-group"
                  role="rowgroup"
                >
                  <TrComponent
                    className="-odd"
                    onClick={[Function]}
                    style={
                      Object {
                        "background": null,
                      }
                    }
                  >
                    <div
                      className="rt-tr -odd"
                      onClick={[Function]}
                      role="row"
                      style={
                        Object {
                          "background": null,
                        }
                      }
                    >
                      <TdComponent
                        className=""
                        key="0-delete"
                        onClick={[Function]}
                        onMouseOut={[Function]}
                        onMouseOver={[Function]}
                        style={
                          Object {
                            "flex": "70 0 auto",
                            "maxWidth": "70px",
                            "width": "70px",
                          }
                        }
                      >
                        <div
                          className="rt-td"
                          onClick={[Function]}
                          onMouseOut={[Function]}
                          onMouseOver={[Function]}
                          role="gridcell"
                          style={
                            Object {
                              "flex": "70 0 auto",
                              "maxWidth": "70px",
                              "width": "70px",
                            }
                          }
                        >
                          <img
                            alt="delete"
                            id="deleteImg-symbol2"
                            src="img/delete.png"
                          />
                        </div>
                      </TdComponent>
                      <TdComponent
                        className=""
                        key="1-symbol"
                        onClick={[Function]}
                        onMouseOut={[Function]}
                        onMouseOver={[Function]}
                        style={
                          Object {
                            "flex": "100 0 auto",
                            "maxWidth": "100px",
                            "width": "100px",
                          }
                        }
                      >
                        <div
                          className="rt-td"
                          onClick={[Function]}
                          onMouseOut={[Function]}
                          onMouseOver={[Function]}
                          role="gridcell"
                          style={
                            Object {
                              "flex": "100 0 auto",
                              "maxWidth": "100px",
                              "width": "100px",
                            }
                          }
                        >
                          symbol2
                        </div>
                      </TdComponent>
                      <TdComponent
                        className="instrument-column"
                        key="2-name"
                        onClick={[Function]}
                        onMouseOut={[Function]}
                        onMouseOver={[Function]}
                        style={
                          Object {
                            "flex": "100 0 auto",
                            "maxWidth": null,
                            "width": "100px",
                          }
                        }
                      >
                        <div
                          className="rt-td instrument-column"
                          onClick={[Function]}
                          onMouseOut={[Function]}
                          onMouseOver={[Function]}
                          role="gridcell"
                          style={
                            Object {
                              "flex": "100 0 auto",
                              "maxWidth": null,
                              "width": "100px",
                            }
                          }
                        >
                          instrument2
                        </div>
                      </TdComponent>
                      <TdComponent
                        className=""
                        key="3-currency"
                        onClick={[Function]}
                        onMouseOut={[Function]}
                        onMouseOver={[Function]}
                        style={
                          Object {
                            "flex": "70 0 auto",
                            "maxWidth": "70px",
                            "width": "70px",
                          }
                        }
                      >
                        <div
                          className="rt-td"
                          onClick={[Function]}
                          onMouseOut={[Function]}
                          onMouseOver={[Function]}
                          role="gridcell"
                          style={
                            Object {
                              "flex": "70 0 auto",
                              "maxWidth": "70px",
                              "width": "70px",
                            }
                          }
                        >
                          USD
                        </div>
                      </TdComponent>
                      <TdComponent
                        className=""
                        key="4-bid"
                        onClick={[Function]}
                        onMouseOut={[Function]}
                        onMouseOver={[Function]}
                        style={
                          Object {
                            "flex": "70 0 auto",
                            "maxWidth": "70px",
                            "width": "70px",
                          }
                        }
                      >
                        <div
                          className="rt-td"
                          onClick={[Function]}
                          onMouseOut={[Function]}
                          onMouseOver={[Function]}
                          role="gridcell"
                          style={
                            Object {
                              "flex": "70 0 auto",
                              "maxWidth": "70px",
                              "width": "70px",
                            }
                          }
                        />
                      </TdComponent>
                      <TdComponent
                        className=""
                        key="5-ask"
                        onClick={[Function]}
                        onMouseOut={[Function]}
                        onMouseOver={[Function]}
                        style={
                          Object {
                            "flex": "70 0 auto",
                            "maxWidth": "70px",
                            "width": "70px",
                          }
                        }
                      >
                        <div
                          className="rt-td"
                          onClick={[Function]}
                          onMouseOut={[Function]}
                          onMouseOver={[Function]}
                          role="gridcell"
                          style={
                            Object {
                              "flex": "70 0 auto",
                              "maxWidth": "70px",
                              "width": "70px",
                            }
                          }
                        />
                      </TdComponent>
                      <TdComponent
                        className=""
                        key="6-last"
                        onClick={[Function]}
                        onMouseOut={[Function]}
                        onMouseOver={[Function]}
                        style={
                          Object {
                            "flex": "70 0 auto",
                            "maxWidth": "70px",
                            "width": "70px",
                          }
                        }
                      >
                        <div
                          className="rt-td"
                          onClick={[Function]}
                          onMouseOut={[Function]}
                          onMouseOver={[Function]}
                          role="gridcell"
                          style={
                            Object {
                              "flex": "70 0 auto",
                              "maxWidth": "70px",
                              "width": "70px",
                            }
                          }
                        />
                      </TdComponent>
                      <TdComponent
                        className=""
                        key="7-open"
                        onClick={[Function]}
                        onMouseOut={[Function]}
                        onMouseOver={[Function]}
                        style={
                          Object {
                            "flex": "70 0 auto",
                            "maxWidth": "70px",
                            "width": "70px",
                          }
                        }
                      >
                        <div
                          className="rt-td"
                          onClick={[Function]}
                          onMouseOut={[Function]}
                          onMouseOver={[Function]}
                          role="gridcell"
                          style={
                            Object {
                              "flex": "70 0 auto",
                              "maxWidth": "70px",
                              "width": "70px",
                            }
                          }
                        >
                          1
                        </div>
                      </TdComponent>
                      <TdComponent
                        className=""
                        key="8-chg"
                        onClick={[Function]}
                        onMouseOut={[Function]}
                        onMouseOver={[Function]}
                        style={
                          Object {
                            "flex": "70 0 auto",
                            "maxWidth": "70px",
                            "width": "70px",
                          }
                        }
                      >
                        <div
                          className="rt-td"
                          onClick={[Function]}
                          onMouseOut={[Function]}
                          onMouseOver={[Function]}
                          role="gridcell"
                          style={
                            Object {
                              "flex": "70 0 auto",
                              "maxWidth": "70px",
                              "width": "70px",
                            }
                          }
                        />
                      </TdComponent>
                    </div>
                  </TrComponent>
                </div>
              </TrGroupComponent>
              <TrGroupComponent
                key="3"
              >
                <div
                  className="rt-tr-group"
                  role="rowgroup"
                >
                  <TrComponent
                    className="-even"
                    onClick={[Function]}
                    style={
                      Object {
                        "background": null,
                      }
                    }
                  >
                    <div
                      className="rt-tr -even"
                      onClick={[Function]}
                      role="row"
                      style={
                        Object {
                          "background": null,
                        }
                      }
                    >
                      <TdComponent
                        className=""
                        key="0-delete"
                        onClick={[Function]}
                        onMouseOut={[Function]}
                        onMouseOver={[Function]}
                        style={
                          Object {
                            "flex": "70 0 auto",
                            "maxWidth": "70px",
                            "width": "70px",
                          }
                        }
                      >
                        <div
                          className="rt-td"
                          onClick={[Function]}
                          onMouseOut={[Function]}
                          onMouseOver={[Function]}
                          role="gridcell"
                          style={
                            Object {
                              "flex": "70 0 auto",
                              "maxWidth": "70px",
                              "width": "70px",
                            }
                          }
                        >
                          <img
                            alt="delete"
                            id="deleteImg-symbol1"
                            src="img/delete.png"
                          />
                        </div>
                      </TdComponent>
                      <TdComponent
                        className=""
                        key="1-symbol"
                        onClick={[Function]}
                        onMouseOut={[Function]}
                        onMouseOver={[Function]}
                        style={
                          Object {
                            "flex": "100 0 auto",
                            "maxWidth": "100px",
                            "width": "100px",
                          }
                        }
                      >
                        <div
                          className="rt-td"
                          onClick={[Function]}
                          onMouseOut={[Function]}
                          onMouseOver={[Function]}
                          role="gridcell"
                          style={
                            Object {
                              "flex": "100 0 auto",
                              "maxWidth": "100px",
                              "width": "100px",
                            }
                          }
                        >
                          symbol1
                        </div>
                      </TdComponent>
                      <TdComponent
                        className="instrument-column"
                        key="2-name"
                        onClick={[Function]}
                        onMouseOut={[Function]}
                        onMouseOver={[Function]}
                        style={
                          Object {
                            "flex": "100 0 auto",
                            "maxWidth": null,
                            "width": "100px",
                          }
                        }
                      >
                        <div
                          className="rt-td instrument-column"
                          onClick={[Function]}
                          onMouseOut={[Function]}
                          onMouseOver={[Function]}
                          role="gridcell"
                          style={
                            Object {
                              "flex": "100 0 auto",
                              "maxWidth": null,
                              "width": "100px",
                            }
                          }
                        >
                          instrument1
                        </div>
                      </TdComponent>
                      <TdComponent
                        className=""
                        key="3-currency"
                        onClick={[Function]}
                        onMouseOut={[Function]}
                        onMouseOver={[Function]}
                        style={
                          Object {
                            "flex": "70 0 auto",
                            "maxWidth": "70px",
                            "width": "70px",
                          }
                        }
                      >
                        <div
                          className="rt-td"
                          onClick={[Function]}
                          onMouseOut={[Function]}
                          onMouseOver={[Function]}
                          role="gridcell"
                          style={
                            Object {
                              "flex": "70 0 auto",
                              "maxWidth": "70px",
                              "width": "70px",
                            }
                          }
                        >
                          USD
                        </div>
                      </TdComponent>
                      <TdComponent
                        className=""
                        key="4-bid"
                        onClick={[Function]}
                        onMouseOut={[Function]}
                        onMouseOver={[Function]}
                        style={
                          Object {
                            "flex": "70 0 auto",
                            "maxWidth": "70px",
                            "width": "70px",
                          }
                        }
                      >
                        <div
                          className="rt-td"
                          onClick={[Function]}
                          onMouseOut={[Function]}
                          onMouseOver={[Function]}
                          role="gridcell"
                          style={
                            Object {
                              "flex": "70 0 auto",
                              "maxWidth": "70px",
                              "width": "70px",
                            }
                          }
                        />
                      </TdComponent>
                      <TdComponent
                        className=""
                        key="5-ask"
                        onClick={[Function]}
                        onMouseOut={[Function]}
                        onMouseOver={[Function]}
                        style={
                          Object {
                            "flex": "70 0 auto",
                            "maxWidth": "70px",
                            "width": "70px",
                          }
                        }
                      >
                        <div
                          className="rt-td"
                          onClick={[Function]}
                          onMouseOut={[Function]}
                          onMouseOver={[Function]}
                          role="gridcell"
                          style={
                            Object {
                              "flex": "70 0 auto",
                              "maxWidth": "70px",
                              "width": "70px",
                            }
                          }
                        />
                      </TdComponent>
                      <TdComponent
                        className=""
                        key="6-last"
                        onClick={[Function]}
                        onMouseOut={[Function]}
                        onMouseOver={[Function]}
                        style={
                          Object {
                            "flex": "70 0 auto",
                            "maxWidth": "70px",
                            "width": "70px",
                          }
                        }
                      >
                        <div
                          className="rt-td"
                          onClick={[Function]}
                          onMouseOut={[Function]}
                          onMouseOver={[Function]}
                          role="gridcell"
                          style={
                            Object {
                              "flex": "70 0 auto",
                              "maxWidth": "70px",
                              "width": "70px",
                            }
                          }
                        />
                      </TdComponent>
                      <TdComponent
                        className=""
                        key="7-open"
                        onClick={[Function]}
                        onMouseOut={[Function]}
                        onMouseOver={[Function]}
                        style={
                          Object {
                            "flex": "70 0 auto",
                            "maxWidth": "70px",
                            "width": "70px",
                          }
                        }
                      >
                        <div
                          className="rt-td"
                          onClick={[Function]}
                          onMouseOut={[Function]}
                          onMouseOver={[Function]}
                          role="gridcell"
                          style={
                            Object {
                              "flex": "70 0 auto",
                              "maxWidth": "70px",
                              "width": "70px",
                            }
                          }
                        >
                          1
                        </div>
                      </TdComponent>
                      <TdComponent
                        className=""
                        key="8-chg"
                        onClick={[Function]}
                        onMouseOut={[Function]}
                        onMouseOver={[Function]}
                        style={
                          Object {
                            "flex": "70 0 auto",
                            "maxWidth": "70px",
                            "width": "70px",
                          }
                        }
                      >
                        <div
                          className="rt-td"
                          onClick={[Function]}
                          onMouseOut={[Function]}
                          onMouseOver={[Function]}
                          role="gridcell"
                          style={
                            Object {
                              "flex": "70 0 auto",
                              "maxWidth": "70px",
                              "width": "70px",
                            }
                          }
                        />
                      </TdComponent>
                    </div>
                  </TrComponent>
                </div>
              </TrGroupComponent>
              <TrGroupComponent
                key="4"
              >
                <div
                  className="rt-tr-group"
                  role="rowgroup"
                >
                  <TrComponent
                    className="-odd"
                    onClick={[Function]}
                    style={
                      Object {
                        "background": null,
                      }
                    }
                  >
                    <div
                      className="rt-tr -odd"
                      onClick={[Function]}
                      role="row"
                      style={
                        Object {
                          "background": null,
                        }
                      }
                    >
                      <TdComponent
                        className=""
                        key="0-delete"
                        onClick={[Function]}
                        onMouseOut={[Function]}
                        onMouseOver={[Function]}
                        style={
                          Object {
                            "flex": "70 0 auto",
                            "maxWidth": "70px",
                            "width": "70px",
                          }
                        }
                      >
                        <div
                          className="rt-td"
                          onClick={[Function]}
                          onMouseOut={[Function]}
                          onMouseOver={[Function]}
                          role="gridcell"
                          style={
                            Object {
                              "flex": "70 0 auto",
                              "maxWidth": "70px",
                              "width": "70px",
                            }
                          }
                        >
                          <img
                            alt="delete"
                            id="deleteImg-symbol0"
                            src="img/delete.png"
                          />
                        </div>
                      </TdComponent>
                      <TdComponent
                        className=""
                        key="1-symbol"
                        onClick={[Function]}
                        onMouseOut={[Function]}
                        onMouseOver={[Function]}
                        style={
                          Object {
                            "flex": "100 0 auto",
                            "maxWidth": "100px",
                            "width": "100px",
                          }
                        }
                      >
                        <div
                          className="rt-td"
                          onClick={[Function]}
                          onMouseOut={[Function]}
                          onMouseOver={[Function]}
                          role="gridcell"
                          style={
                            Object {
                              "flex": "100 0 auto",
                              "maxWidth": "100px",
                              "width": "100px",
                            }
                          }
                        >
                          symbol0
                        </div>
                      </TdComponent>
                      <TdComponent
                        className="instrument-column"
                        key="2-name"
                        onClick={[Function]}
                        onMouseOut={[Function]}
                        onMouseOver={[Function]}
                        style={
                          Object {
                            "flex": "100 0 auto",
                            "maxWidth": null,
                            "width": "100px",
                          }
                        }
                      >
                        <div
                          className="rt-td instrument-column"
                          onClick={[Function]}
                          onMouseOut={[Function]}
                          onMouseOver={[Function]}
                          role="gridcell"
                          style={
                            Object {
                              "flex": "100 0 auto",
                              "maxWidth": null,
                              "width": "100px",
                            }
                          }
                        >
                          instrument0
                        </div>
                      </TdComponent>
                      <TdComponent
                        className=""
                        key="3-currency"
                        onClick={[Function]}
                        onMouseOut={[Function]}
                        onMouseOver={[Function]}
                        style={
                          Object {
                            "flex": "70 0 auto",
                            "maxWidth": "70px",
                            "width": "70px",
                          }
                        }
                      >
                        <div
                          className="rt-td"
                          onClick={[Function]}
                          onMouseOut={[Function]}
                          onMouseOver={[Function]}
                          role="gridcell"
                          style={
                            Object {
                              "flex": "70 0 auto",
                              "maxWidth": "70px",
                              "width": "70px",
                            }
                          }
                        >
                          USD
                        </div>
                      </TdComponent>
                      <TdComponent
                        className=""
                        key="4-bid"
                        onClick={[Function]}
                        onMouseOut={[Function]}
                        onMouseOver={[Function]}
                        style={
                          Object {
                            "flex": "70 0 auto",
                            "maxWidth": "70px",
                            "width": "70px",
                          }
                        }
                      >
                        <div
                          className="rt-td"
                          onClick={[Function]}
                          onMouseOut={[Function]}
                          onMouseOver={[Function]}
                          role="gridcell"
                          style={
                            Object {
                              "flex": "70 0 auto",
                              "maxWidth": "70px",
                              "width": "70px",
                            }
                          }
                        />
                      </TdComponent>
                      <TdComponent
                        className=""
                        key="5-ask"
                        onClick={[Function]}
                        onMouseOut={[Function]}
                        onMouseOver={[Function]}
                        style={
                          Object {
                            "flex": "70 0 auto",
                            "maxWidth": "70px",
                            "width": "70px",
                          }
                        }
                      >
                        <div
                          className="rt-td"
                          onClick={[Function]}
                          onMouseOut={[Function]}
                          onMouseOver={[Function]}
                          role="gridcell"
                          style={
                            Object {
                              "flex": "70 0 auto",
                              "maxWidth": "70px",
                              "width": "70px",
                            }
                          }
                        />
                      </TdComponent>
                      <TdComponent
                        className=""
                        key="6-last"
                        onClick={[Function]}
                        onMouseOut={[Function]}
                        onMouseOver={[Function]}
                        style={
                          Object {
                            "flex": "70 0 auto",
                            "maxWidth": "70px",
                            "width": "70px",
                          }
                        }
                      >
                        <div
                          className="rt-td"
                          onClick={[Function]}
                          onMouseOut={[Function]}
                          onMouseOver={[Function]}
                          role="gridcell"
                          style={
                            Object {
                              "flex": "70 0 auto",
                              "maxWidth": "70px",
                              "width": "70px",
                            }
                          }
                        />
                      </TdComponent>
                      <TdComponent
                        className=""
                        key="7-open"
                        onClick={[Function]}
                        onMouseOut={[Function]}
                        onMouseOver={[Function]}
                        style={
                          Object {
                            "flex": "70 0 auto",
                            "maxWidth": "70px",
                            "width": "70px",
                          }
                        }
                      >
                        <div
                          className="rt-td"
                          onClick={[Function]}
                          onMouseOut={[Function]}
                          onMouseOver={[Function]}
                          role="gridcell"
                          style={
                            Object {
                              "flex": "70 0 auto",
                              "maxWidth": "70px",
                              "width": "70px",
                            }
                          }
                        >
                          1
                        </div>
                      </TdComponent>
                      <TdComponent
                        className=""
                        key="8-chg"
                        onClick={[Function]}
                        onMouseOut={[Function]}
                        onMouseOver={[Function]}
                        style={
                          Object {
                            "flex": "70 0 auto",
                            "maxWidth": "70px",
                            "width": "70px",
                          }
                        }
                      >
                        <div
                          className="rt-td"
                          onClick={[Function]}
                          onMouseOut={[Function]}
                          onMouseOver={[Function]}
                          role="gridcell"
                          style={
                            Object {
                              "flex": "70 0 auto",
                              "maxWidth": "70px",
                              "width": "70px",
                            }
                          }
                        />
                      </TdComponent>
                    </div>
                  </TrComponent>
                </div>
              </TrGroupComponent>
            </div>
          </Tbody>
        </div>
      </TableComponent>
      <LoadingComponent
        loading={false}
        loadingText="Loading..."
      >
        <div
          className="-loading"
        >
          <div
            className="-loading-inner"
          >
            Loading...
          </div>
        </div>
      </LoadingComponent>
    </div>
  </ReactTable>
</InstrumentsMarketfeed>
`;

exports[`InstrumentsSearch integration tests should render component InstrumentsSearch on mount 1`] = `
<InstrumentsSearch
  addInstrumentToMarketfeed={[Function]}
  deleteMarketfeedInstrument={[Function]}
  instrument={
    Object {
      "currency": "USD",
      "name": "instrument4",
      "open": 1,
      "price": 1,
      "symbol": "symbol4",
    }
  }
  marketfeedInstruments={
    Array [
      Object {
        "currency": "USD",
        "name": "instrument4",
        "open": 1,
        "price": 1,
        "symbol": "symbol4",
      },
      Object {
        "currency": "USD",
        "name": "instrument3",
        "open": 1,
        "price": 1,
        "symbol": "symbol3",
      },
      Object {
        "currency": "USD",
        "name": "instrument2",
        "open": 1,
        "price": 1,
        "symbol": "symbol2",
      },
      Object {
        "currency": "USD",
        "name": "instrument1",
        "open": 1,
        "price": 1,
        "symbol": "symbol1",
      },
      Object {
        "currency": "USD",
        "name": "instrument0",
        "open": 1,
        "price": 1,
        "symbol": "symbol0",
      },
    ]
  }
  searchInstruments={
    Array [
      Object {
        "currency": "USD",
        "name": "instrument5",
        "symbol": "symbol5",
      },
      Object {
        "currency": "USD",
        "name": "instrument6",
        "symbol": "symbol6",
      },
      Object {
        "currency": "USD",
        "name": "instrument7",
        "symbol": "symbol7",
      },
      Object {
        "currency": "USD",
        "name": "instrument8",
        "symbol": "symbol8",
      },
      Object {
        "currency": "USD",
        "name": "instrument9",
        "symbol": "symbol9",
      },
      Object {
        "currency": "USD",
        "name": "instrument10",
        "symbol": "symbol10",
      },
      Object {
        "currency": "USD",
        "name": "instrument11",
        "symbol": "symbol11",
      },
      Object {
        "currency": "USD",
        "name": "instrument12",
        "symbol": "symbol12",
      },
      Object {
        "currency": "USD",
        "name": "instrument13",
        "symbol": "symbol13",
      },
      Object {
        "currency": "USD",
        "name": "instrument14",
        "symbol": "symbol14",
      },
      Object {
        "currency": "USD",
        "name": "instrument15",
        "symbol": "symbol15",
      },
    ]
  }
  selectMarketfeedInstrument={[Function]}
  updateMarketfeedInstrument={[Function]}
>
  <div
    id="instrumentsSearch"
  >
    <form>
      <Autocomplete
        autoHighlight={true}
        getItemValue={[Function]}
        inputProps={Object {}}
        isItemSelectable={[Function]}
        items={
          Array [
            Object {
              "label": "(symbol5) instrument5",
              "value": "symbol5",
            },
            Object {
              "label": "(symbol6) instrument6",
              "value": "symbol6",
            },
            Object {
              "label": "(symbol7) instrument7",
              "value": "symbol7",
            },
            Object {
              "label": "(symbol8) instrument8",
              "value": "symbol8",
            },
            Object {
              "label": "(symbol9) instrument9",
              "value": "symbol9",
            },
            Object {
              "label": "(symbol10) instrument10",
              "value": "symbol10",
            },
            Object {
              "label": "(symbol11) instrument11",
              "value": "symbol11",
            },
            Object {
              "label": "(symbol12) instrument12",
              "value": "symbol12",
            },
            Object {
              "label": "(symbol13) instrument13",
              "value": "symbol13",
            },
            Object {
              "label": "(symbol14) instrument14",
              "value": "symbol14",
            },
            Object {
              "label": "(symbol15) instrument15",
              "value": "symbol15",
            },
          ]
        }
        menuStyle={
          Object {
            "background": "rgba(255, 255, 255, 0.9)",
            "borderRadius": "3px",
            "boxShadow": "0 2px 12px rgba(0, 0, 0, 0.1)",
            "fontSize": "90%",
            "maxHeight": "50%",
            "overflow": "auto",
            "padding": "2px 0",
            "position": "fixed",
          }
        }
        onChange={[Function]}
        onMenuVisibilityChange={[Function]}
        onSelect={[Function]}
        renderInput={[Function]}
        renderItem={[Function]}
        renderMenu={[Function]}
        selectOnBlur={false}
        shouldItemRender={[Function]}
        value=""
        wrapperProps={Object {}}
        wrapperStyle={
          Object {
            "display": "inline-block",
          }
        }
      >
        <div
          style={
            Object {
              "display": "inline-block",
            }
          }
        >
          <input
            aria-autocomplete="list"
            aria-expanded={false}
            autoComplete="off"
            onBlur={[Function]}
            onChange={[Function]}
            onClick={[Function]}
            onFocus={[Function]}
            onKeyDown={[Function]}
            role="combobox"
            value=""
          />
        </div>
      </Autocomplete>
      <input
        onClick={[Function]}
        type="submit"
        value="Add"
      />
    </form>
  </div>
</InstrumentsSearch>
`;
