// Jest Snapshot v1, https://goo.gl/fbAQLP

exports[`TopLayout should render component comparing with previous snapshot shallow markup 1`] = `
<div
  id="topLayout"
>
  <Ticket
    addInstrumentToMarketfeed={[MockFunction]}
    deleteMarketfeedInstrument={[MockFunction]}
    fetchInstruments={[MockFunction]}
    instrument={
      Object {
        "symbol": "symbol",
      }
    }
    marketfeedInstruments={
      Array [
        Object {
          "symbol": "symbol",
        },
      ]
    }
    placeOrder={[MockFunction]}
    searchInstruments={
      Array [
        Object {
          "symbol": "symbol",
        },
      ]
    }
    selectMarketfeedInstrument={[MockFunction]}
    ticket={
      Object {
        "symbol": "symbol",
      }
    }
    updateMarketfeedInstrument={[MockFunction]}
    updateOrder={[MockFunction]}
  />
  <div
    id="instrumentsMarketfeed"
  >
    <InstrumentsSearch
      addInstrumentToMarketfeed={[MockFunction]}
      deleteMarketfeedInstrument={[MockFunction]}
      fetchInstruments={[MockFunction]}
      instrument={
        Object {
          "symbol": "symbol",
        }
      }
      marketfeedInstruments={
        Array [
          Object {
            "symbol": "symbol",
          },
        ]
      }
      placeOrder={[MockFunction]}
      searchInstruments={
        Array [
          Object {
            "symbol": "symbol",
          },
        ]
      }
      selectMarketfeedInstrument={[MockFunction]}
      ticket={
        Object {
          "symbol": "symbol",
        }
      }
      updateMarketfeedInstrument={[MockFunction]}
      updateOrder={[MockFunction]}
    />
    <InstrumentsMarketfeed
      addInstrumentToMarketfeed={[MockFunction]}
      deleteMarketfeedInstrument={[MockFunction]}
      fetchInstruments={[MockFunction]}
      instrument={
        Object {
          "symbol": "symbol",
        }
      }
      marketfeedInstruments={
        Array [
          Object {
            "symbol": "symbol",
          },
        ]
      }
      placeOrder={[MockFunction]}
      searchInstruments={
        Array [
          Object {
            "symbol": "symbol",
          },
        ]
      }
      selectMarketfeedInstrument={[MockFunction]}
      ticket={
        Object {
          "symbol": "symbol",
        }
      }
      updateMarketfeedInstrument={[MockFunction]}
      updateOrder={[MockFunction]}
    />
  </div>
</div>
`;
