// Jest Snapshot v1, https://goo.gl/fbAQLP

exports[`Ticket should render component comparing with previous snapshot shallow markup 1`] = `
<div
  id="ticket"
>
  <form>
    <LabelInput
      handleOnChange={[Function]}
      label="Symbol"
      name="symbol"
      type="text"
      value="symbol"
    />
    <LabelInput
      handleOnChange={[Function]}
      label="Quantity"
      name="quantity"
      step={5}
      type="number"
      value={5}
    />
    <SelectionDropDown
      handleOnChange={[Function]}
      id="orderType"
      label="Order Type"
      list={
        Array [
          "Market",
          "Limit",
          "Stop",
          "Stop Limit",
        ]
      }
      name="orderType"
      value="Market"
    />
    <LabelInput
      handleOnChange={[Function]}
      label="Price"
      name="price"
      step={0.1}
      style={
        Object {
          "opacity": "0.5",
        }
      }
      type="number"
      value={0}
    />
    <SelectionDropDown
      handleOnChange={[Function]}
      id="expiryType"
      label="Expiry Type"
      list={
        Array [
          "Day",
          "GTD",
          "GTC",
          "FOK",
        ]
      }
      name="expiryType"
      value="Day"
    />
    <LabelInput
      handleOnChange={[Function]}
      label="Expiry Date"
      name="expiryDate"
      step={0.1}
      style={
        Object {
          "opacity": "0.5",
        }
      }
      type="date"
      value=""
    />
    <LabelTextArea
      handleOnChange={[Function]}
      label="Note"
      maxLength={100}
      name="note"
      value=""
    />
    <div>
      <div
        id="buySell"
      >
        <BuySellButton
          buttonName="Sell"
          containerId="sellButton"
          handleOnClick={[Function]}
          id="sell"
        />
        <BuySellButton
          buttonName="Buy"
          containerId="buyButton"
          handleOnClick={[Function]}
          id="buy"
        />
      </div>
    </div>
  </form>
</div>
`;
